[0m19:12:16.900755 [debug] [MainThread]: Sending event: {'category': 'dbt', 'action': 'invocation', 'label': 'start', 'context': [<snowplow_tracker.self_describing_json.SelfDescribingJson object at 0x0000019A91EFEB90>, <snowplow_tracker.self_describing_json.SelfDescribingJson object at 0x0000019A91EFFA10>, <snowplow_tracker.self_describing_json.SelfDescribingJson object at 0x0000019A91EFE010>]}


============================== 19:12:16.902919 | 5a9c2e4c-1b0f-484c-af20-d4b8927afcf1 ==============================
[0m19:12:16.902919 [info ] [MainThread]: Running with dbt=1.11.7
[0m19:12:16.902919 [debug] [MainThread]: running dbt with arguments {'static_parser': 'True', 'no_print': 'None', 'version_check': 'True', 'warn_error_options': 'WarnErrorOptionsV2(error=[], warn=[], silence=[])', 'target_path': 'None', 'printer_width': '80', 'write_json': 'True', 'introspect': 'True', 'log_cache_events': 'False', 'empty': 'None', 'cache_selected_only': 'False', 'log_format': 'default', 'debug': 'False', 'fail_fast': 'False', 'profiles_dir': 'C:\\Users\\laksh\\.dbt', 'send_anonymous_usage_stats': 'True', 'quiet': 'False', 'warn_error': 'None', 'partial_parse': 'True', 'invocation_command': 'dbt init real_estate_dbt', 'use_colors': 'True', 'indirect_selection': 'eager', 'use_experimental_parser': 'False', 'log_path': 'logs'}
[0m19:12:16.902919 [info ] [MainThread]: Creating dbt configuration folder at C:\Users\laksh\.dbt
[0m19:12:16.917560 [debug] [MainThread]: Starter project path: C:\Users\laksh\Desktop\talk_to_my_warehouse\.venv\Lib\site-packages\dbt\include\starter_project
[0m19:12:16.923557 [info ] [MainThread]: 
Your new dbt project "real_estate_dbt" was created!

For more information on how to configure the profiles.yml file,
please consult the dbt documentation here:

  https://docs.getdbt.com/docs/configure-your-profile

One more thing:

Need help? Don't hesitate to reach out to us via GitHub issues or on Slack:

  https://community.getdbt.com/

Happy modeling!

[0m19:12:16.923557 [info ] [MainThread]: Setting up your profile.
[0m19:12:51.895389 [debug] [MainThread]: Snowflake adapter: Setting snowflake.connector to ERROR (file logging only)
[0m19:12:51.895389 [debug] [MainThread]: Snowflake adapter: Setting botocore to ERROR (file logging only)
[0m19:12:51.896399 [debug] [MainThread]: Snowflake adapter: Setting boto3 to ERROR (file logging only)
[0m19:14:37.365865 [info ] [MainThread]: Profile real_estate_dbt written to C:\Users\laksh\.dbt\profiles.yml using target's profile_template.yml and your supplied values. Run 'dbt debug' to validate the connection.
[0m19:14:37.365865 [debug] [MainThread]: Command `dbt init` succeeded at 19:14:37.365865 after 140.53 seconds
[0m19:14:37.369674 [debug] [MainThread]: Sending event: {'category': 'dbt', 'action': 'invocation', 'label': 'end', 'context': [<snowplow_tracker.self_describing_json.SelfDescribingJson object at 0x0000019A91B48810>, <snowplow_tracker.self_describing_json.SelfDescribingJson object at 0x0000019A8B17FDD0>, <snowplow_tracker.self_describing_json.SelfDescribingJson object at 0x0000019A91E9A310>]}
[0m19:14:37.369674 [debug] [MainThread]: Flushing usage events
[0m19:14:37.834795 [debug] [MainThread]: An error was encountered while trying to flush usage events
